<?xml version="1.0" encoding="UTF-8"?>
<testsuites name="jest tests" tests="2" failures="0" errors="0" time="1.129">
  <testsuite name="src/__tests__/LangSwitcher.text.tsx" errors="0" failures="0" skipped="0" timestamp="2022-02-09T20:36:18" time="0.711" tests="1">
    <testcase classname=" true" name=" true" time="0.001">
    </testcase>
  </testsuite>
  <testsuite name="src/__tests__/App.test.tsx" errors="0" failures="0" skipped="0" timestamp="2022-02-09T20:36:18" time="0.714" tests="1">
    <testcase classname=" true" name=" true" time="0.001">
    </testcase>
  </testsuite>
</testsuites>